// Jest Snapshot v1, https://goo.gl/fbAQLP

exports[`renders the HomeScreen component 1`] = `
<View>
  <RCTScrollView
    collapsable={false}
    onGestureHandlerEvent={[Function]}
    onGestureHandlerStateChange={[Function]}
  >
    <View>
      <View
        accessible={true}
        focusable={true}
        onClick={[Function]}
        onResponderGrant={[Function]}
        onResponderMove={[Function]}
        onResponderRelease={[Function]}
        onResponderTerminate={[Function]}
        onResponderTerminationRequest={[Function]}
        onStartShouldSetResponder={[Function]}
      >
        <View
          style={
            Array [
              Object {
                "flex": 1,
                "flexDirection": "row",
              },
              Object {
                "alignItems": "center",
              },
              Object {
                "padding": 10,
              },
              Object {
                "borderBottomColor": "lightgray",
                "borderBottomWidth": 1,
              },
            ]
          }
        >
          <Image
            source="test-file-stub"
            style={
              Array [
                Object {
                  "height": 60,
                  "width": 60,
                },
              ]
            }
          />
          <Text
            style={
              Array [
                Object {
                  "marginLeft": 20,
                },
                Object {
                  "fontFamily": "RibeyeMarrow-Regular",
                },
              ]
            }
          >
            Impressions
          </Text>
        </View>
      </View>
      <View
        accessible={true}
        focusable={true}
        onClick={[Function]}
        onResponderGrant={[Function]}
        onResponderMove={[Function]}
        onResponderRelease={[Function]}
        onResponderTerminate={[Function]}
        onResponderTerminationRequest={[Function]}
        onStartShouldSetResponder={[Function]}
      >
        <View
          style={
            Array [
              Object {
                "flex": 1,
                "flexDirection": "row",
              },
              Object {
                "alignItems": "center",
              },
              Object {
                "padding": 10,
              },
              Object {
                "borderBottomColor": "lightgray",
                "borderBottomWidth": 1,
              },
            ]
          }
        >
          <Image
            source="test-file-stub"
            style={
              Array [
                Object {
                  "height": 60,
                  "width": 60,
                },
              ]
            }
          />
          <Text
            style={
              Array [
                Object {
                  "marginLeft": 20,
                },
                Object {
                  "fontFamily": "RibeyeMarrow-Regular",
                },
              ]
            }
          >
            Bits
          </Text>
        </View>
      </View>
    </View>
  </RCTScrollView>
</View>
`;
